Requirement already satisfied: pip in d:\01_cong_viec\phan_mem_tra_cuvb\rag\congcu_tracuu_vanban\.venv\lib\site-packages (25.3)
Collecting pip
  Using cached pip-26.2.1-py3-none-any.whl.metadata (4.6 kB)
Using cached pip-26.2.1-py3-none-any.whl (1.8 MB)
Installing collected packages: pip
  Attempting uninstall: pip
    Found existing installation: pip 25.3
    Uninstalling pip-25.3:
      Successfully uninstalled pip-25.3
Successfully installed pip-26.2.1
Looking in indexes: https://download.pytorch.org/whl/cpu
Collecting torch
  Using cached torch-2.13.0%2Bcpu-cp314-cp314-win_amd64.whl.metadata (39 kB)
Collecting filelock (from torch)
  Using cached filelock-3.32.3-py3-none-any.whl.metadata (2.0 kB)
Collecting typing-extensions>=4.10.0 (from torch)
  Using cached typing_extensions-4.16.0-py3-none-any.whl.metadata (3.3 kB)
Collecting setuptools>=77.0.3 (from torch)
  Using cached setuptools-78.1.0-py3-none-any.whl.metadata (6.6 kB)
Collecting sympy>=1.13.3 (from torch)
  Using cached sympy-1.14.0-py3-none-any.whl.metadata (12 kB)
Collecting networkx>=2.5.1 (from torch)
  Using cached networkx-3.6.1-py3-none-any.whl.metadata (6.8 kB)
Collecting jinja2 (from torch)
  Using cached jinja2-3.1.6-py3-none-any.whl.metadata (2.9 kB)
Collecting fsspec>=0.8.5 (from torch)
  Using cached fsspec-2026.7.0-py3-none-any.whl.metadata (10 kB)
Collecting mpmath<1.4,>=1.1.0 (from sympy>=1.13.3->torch)
  Using cached mpmath-1.3.0-py3-none-any.whl.metadata (8.6 kB)
Collecting MarkupSafe>=2.0 (from jinja2->torch)
  Using cached markupsafe-3.0.3-cp314-cp314-win_amd64.whl.metadata (2.8 kB)
Using cached torch-2.13.0%2Bcpu-cp314-cp314-win_amd64.whl (123.9 MB)
Using cached fsspec-2026.7.0-py3-none-any.whl (206 kB)
Using cached networkx-3.6.1-py3-none-any.whl (2.1 MB)
Using cached setuptools-78.1.0-py3-none-any.whl (1.3 MB)
Using cached sympy-1.14.0-py3-none-any.whl (6.3 MB)
Using cached mpmath-1.3.0-py3-none-any.whl (536 kB)
Using cached typing_extensions-4.16.0-py3-none-any.whl (45 kB)
Using cached filelock-3.32.3-py3-none-any.whl (98 kB)
Using cached jinja2-3.1.6-py3-none-any.whl (134 kB)
Using cached markupsafe-3.0.3-cp314-cp314-win_amd64.whl (15 kB)
Installing collected packages: mpmath, typing-extensions, sympy, setuptools, networkx, MarkupSafe, fsspec, filelock, jinja2, torch

Successfully installed MarkupSafe-3.0.3 filelock-3.32.3 fsspec-2026.7.0 jinja2-3.1.6 mpmath-1.3.0 networkx-3.6.1 setuptools-78.1.0 sympy-1.14.0 torch-2.13.0+cpu typing-extensions-4.16.0
Collecting beautifulsoup4>=4.12 (from -r requirements.txt (line 11))
  Using cached beautifulsoup4-4.15.0-py3-none-any.whl.metadata (3.8 kB)
Collecting lxml>=5.0 (from -r requirements.txt (line 12))
  Using cached lxml-6.1.1-cp314-cp314-win_amd64.whl.metadata (3.6 kB)
Collecting rank-bm25==0.2.2 (from -r requirements.txt (line 15))
  Using cached rank_bm25-0.2.2-py3-none-any.whl.metadata (3.2 kB)
Collecting sentence-transformers>=3.0 (from -r requirements.txt (line 20))
  Using cached sentence_transformers-5.7.0-py3-none-any.whl.metadata (18 kB)
Collecting scikit-learn>=1.4 (from -r requirements.txt (line 23))
  Using cached scikit_learn-1.9.0-cp314-cp314-win_amd64.whl.metadata (11 kB)
Collecting numpy>=1.26 (from -r requirements.txt (line 24))
  Using cached numpy-2.5.2-cp314-cp314-win_amd64.whl.metadata (6.6 kB)
Collecting neo4j<6,>=5.24 (from -r requirements.txt (line 27))
  Using cached neo4j-5.28.4-py3-none-any.whl.metadata (5.9 kB)
Collecting streamlit<2,>=1.61 (from -r requirements.txt (line 30))
  Using cached streamlit-1.61.1-py3-none-any.whl.metadata (10 kB)
Collecting python-dotenv<2,>=1.2 (from -r requirements.txt (line 31))
  Using cached python_dotenv-1.2.2-py3-none-any.whl.metadata (27 kB)
Collecting pytz (from neo4j<6,>=5.24->-r requirements.txt (line 27))
  Using cached pytz-2026.3.post1-py2.py3-none-any.whl.metadata (22 kB)
Collecting altair!=5.4.0,!=5.4.1,<7,>=5.0.0 (from streamlit<2,>=1.61->-r requirements.txt (line 30))
  Using cached altair-6.2.2-py3-none-any.whl.metadata (11 kB)
Collecting blinker<2,>=1.5.0 (from streamlit<2,>=1.61->-r requirements.txt (line 30))
  Using cached blinker-1.9.0-py3-none-any.whl.metadata (1.6 kB)
Collecting click<9,>=7.0 (from streamlit<2,>=1.61->-r requirements.txt (line 30))
  Using cached click-8.4.2-py3-none-any.whl.metadata (2.6 kB)
Collecting packaging>=20 (from streamlit<2,>=1.61->-r requirements.txt (line 30))
  Using cached packaging-26.3-py3-none-any.whl.metadata (3.5 kB)
Collecting pandas<4,>=1.4.0 (from streamlit<2,>=1.61->-r requirements.txt (line 30))
  Using cached pandas-3.0.5-cp314-cp314-win_amd64.whl.metadata (19 kB)
Collecting pillow<13,>=7.1.0 (from streamlit<2,>=1.61->-r requirements.txt (line 30))
  Using cached pillow-12.3.0-cp314-cp314-win_amd64.whl.metadata (9.3 kB)
Collecting pydeck<1,>=0.8.0b4 (from streamlit<2,>=1.61->-r requirements.txt (line 30))
  Using cached pydeck-0.9.3-py2.py3-none-any.whl.metadata (4.2 kB)
Collecting protobuf<8,>=5.26.1 (from streamlit<2,>=1.61->-r requirements.txt (line 30))
  Using cached protobuf-7.35.1-cp310-abi3-win_amd64.whl.metadata (595 bytes)
Collecting pyarrow<25,>=7.0 (from streamlit<2,>=1.61->-r requirements.txt (line 30))
  Using cached pyarrow-24.0.0-cp314-cp314-win_amd64.whl.metadata (3.0 kB)
Collecting requests<3,>=2.27 (from streamlit<2,>=1.61->-r requirements.txt (line 30))
  Using cached requests-2.34.2-py3-none-any.whl.metadata (4.8 kB)
Collecting tenacity<10,>=8.1.0 (from streamlit<2,>=1.61->-r requirements.txt (line 30))
  Using cached tenacity-9.1.4-py3-none-any.whl.metadata (1.2 kB)
Collecting toml<2,>=0.10.1 (from streamlit<2,>=1.61->-r requirements.txt (line 30))
  Using cached toml-0.10.2-py2.py3-none-any.whl.metadata (7.1 kB)
Requirement already satisfied: typing-extensions<5,>=4.10.0 in .\.venv\Lib\site-packages (from streamlit<2,>=1.61->-r requirements.txt (line 30)) (4.16.0)
Collecting starlette<1.4.0,>=0.46.0 (from streamlit<2,>=1.61->-r requirements.txt (line 30))
  Using cached starlette-1.3.1-py3-none-any.whl.metadata (6.4 kB)
Collecting uvicorn<1,>=0.30.0 (from streamlit<2,>=1.61->-r requirements.txt (line 30))
  Using cached uvicorn-0.52.3-py3-none-any.whl.metadata (6.6 kB)
Collecting httptools<1,>=0.6.3 (from streamlit<2,>=1.61->-r requirements.txt (line 30))
  Using cached httptools-0.8.0-cp314-cp314-win_amd64.whl.metadata (3.7 kB)
Collecting anyio<5,>=4.0.0 (from streamlit<2,>=1.61->-r requirements.txt (line 30))
  Using cached anyio-4.14.2-py3-none-any.whl.metadata (4.6 kB)
Collecting python-multipart<1,>=0.0.10 (from streamlit<2,>=1.61->-r requirements.txt (line 30))
  Using cached python_multipart-0.0.32-py3-none-any.whl.metadata (2.1 kB)
Collecting websockets<17,>=12.0.0 (from streamlit<2,>=1.61->-r requirements.txt (line 30))
  Using cached websockets-16.1.1-cp314-cp314-win_amd64.whl.metadata (7.0 kB)
Collecting itsdangerous<3,>=2.1.2 (from streamlit<2,>=1.61->-r requirements.txt (line 30))
  Using cached itsdangerous-2.2.0-py3-none-any.whl.metadata (1.9 kB)
Collecting watchdog<7,>=2.1.5 (from streamlit<2,>=1.61->-r requirements.txt (line 30))
  Using cached watchdog-6.0.0-py3-none-win_amd64.whl.metadata (44 kB)
Requirement already satisfied: jinja2 in .\.venv\Lib\site-packages (from altair!=5.4.0,!=5.4.1,<7,>=5.0.0->streamlit<2,>=1.61->-r requirements.txt (line 30)) (3.1.6)
Collecting jsonschema>=3.0 (from altair!=5.4.0,!=5.4.1,<7,>=5.0.0->streamlit<2,>=1.61->-r requirements.txt (line 30))
  Using cached jsonschema-4.26.0-py3-none-any.whl.metadata (7.6 kB)
Collecting narwhals>=2.4.0 (from altair!=5.4.0,!=5.4.1,<7,>=5.0.0->streamlit<2,>=1.61->-r requirements.txt (line 30))
  Using cached narwhals-2.24.0-py3-none-any.whl.metadata (15 kB)
Collecting idna>=2.8 (from anyio<5,>=4.0.0->streamlit<2,>=1.61->-r requirements.txt (line 30))
  Using cached idna-3.18-py3-none-any.whl.metadata (6.1 kB)
Collecting colorama (from click<9,>=7.0->streamlit<2,>=1.61->-r requirements.txt (line 30))
  Using cached colorama-0.4.6-py2.py3-none-any.whl.metadata (17 kB)
Collecting python-dateutil>=2.8.2 (from pandas<4,>=1.4.0->streamlit<2,>=1.61->-r requirements.txt (line 30))
  Using cached python_dateutil-2.9.0.post0-py2.py3-none-any.whl.metadata (8.4 kB)
Collecting tzdata (from pandas<4,>=1.4.0->streamlit<2,>=1.61->-r requirements.txt (line 30))
  Using cached tzdata-2026.3-py2.py3-none-any.whl.metadata (1.4 kB)
Collecting charset_normalizer<4,>=2 (from requests<3,>=2.27->streamlit<2,>=1.61->-r requirements.txt (line 30))
  Using cached charset_normalizer-3.5.1-cp314-cp314-win_amd64.whl.metadata (46 kB)
Collecting urllib3<3,>=1.26 (from requests<3,>=2.27->streamlit<2,>=1.61->-r requirements.txt (line 30))
  Using cached urllib3-2.7.0-py3-none-any.whl.metadata (6.9 kB)
Collecting certifi>=2023.5.7 (from requests<3,>=2.27->streamlit<2,>=1.61->-r requirements.txt (line 30))
  Using cached certifi-2026.7.22-py3-none-any.whl.metadata (2.5 kB)
Collecting h11>=0.8 (from uvicorn<1,>=0.30.0->streamlit<2,>=1.61->-r requirements.txt (line 30))
  Using cached h11-0.16.0-py3-none-any.whl.metadata (8.3 kB)
Collecting soupsieve>=1.6.1 (from beautifulsoup4>=4.12->-r requirements.txt (line 11))
  Using cached soupsieve-2.9.2-py3-none-any.whl.metadata (4.6 kB)
Collecting transformers<6.0.0,>=4.41.0 (from sentence-transformers>=3.0->-r requirements.txt (line 20))
  Using cached transformers-5.15.0-py3-none-any.whl.metadata (32 kB)
Collecting tokenizers>=0.19 (from sentence-transformers>=3.0->-r requirements.txt (line 20))
  Using cached tokenizers-0.23.1-cp310-abi3-win_amd64.whl.metadata (10 kB)
Collecting huggingface-hub>=0.23.0 (from sentence-transformers>=3.0->-r requirements.txt (line 20))
  Using cached huggingface_hub-1.27.0-py3-none-any.whl.metadata (16 kB)
Requirement already satisfied: torch>=1.11.0 in .\.venv\Lib\site-packages (from sentence-transformers>=3.0->-r requirements.txt (line 20)) (2.13.0+cpu)
Collecting scipy>=1.0.0 (from sentence-transformers>=3.0->-r requirements.txt (line 20))
  Using cached scipy-1.18.0-cp314-cp314-win_amd64.whl.metadata (61 kB)
Collecting tqdm>=4.0.0 (from sentence-transformers>=3.0->-r requirements.txt (line 20))
  Using cached tqdm-4.70.0-py3-none-any.whl.metadata (57 kB)
Collecting pyyaml>=5.1 (from transformers<6.0.0,>=4.41.0->sentence-transformers>=3.0->-r requirements.txt (line 20))
  Using cached pyyaml-6.0.3-cp314-cp314-win_amd64.whl.metadata (2.4 kB)
Collecting regex>=2025.10.22 (from transformers<6.0.0,>=4.41.0->sentence-transformers>=3.0->-r requirements.txt (line 20))
  Using cached regex-2026.7.19-cp314-cp314-win_amd64.whl.metadata (41 kB)
Collecting tokenizers>=0.19 (from sentence-transformers>=3.0->-r requirements.txt (line 20))
  Using cached tokenizers-0.22.2-cp39-abi3-win_amd64.whl.metadata (7.4 kB)
Collecting typer (from transformers<6.0.0,>=4.41.0->sentence-transformers>=3.0->-r requirements.txt (line 20))
  Using cached typer-0.27.1-py3-none-any.whl.metadata (16 kB)
Collecting safetensors>=0.8.0 (from transformers<6.0.0,>=4.41.0->sentence-transformers>=3.0->-r requirements.txt (line 20))
  Using cached safetensors-0.8.0-cp310-abi3-win_amd64.whl.metadata (4.2 kB)
Requirement already satisfied: filelock>=3.10.0 in .\.venv\Lib\site-packages (from huggingface-hub>=0.23.0->sentence-transformers>=3.0->-r requirements.txt (line 20)) (3.32.3)
Requirement already satisfied: fsspec>=2023.5.0 in .\.venv\Lib\site-packages (from huggingface-hub>=0.23.0->sentence-transformers>=3.0->-r requirements.txt (line 20)) (2026.7.0)
Collecting hf-xet<2.0.0,>=1.5.2 (from huggingface-hub>=0.23.0->sentence-transformers>=3.0->-r requirements.txt (line 20))
  Using cached hf_xet-1.6.0-cp38-abi3-win_amd64.whl.metadata (4.9 kB)
Collecting httpx<1,>=0.23.0 (from huggingface-hub>=0.23.0->sentence-transformers>=3.0->-r requirements.txt (line 20))
  Using cached httpx-0.28.1-py3-none-any.whl.metadata (7.1 kB)
Collecting httpcore==1.* (from httpx<1,>=0.23.0->huggingface-hub>=0.23.0->sentence-transformers>=3.0->-r requirements.txt (line 20))
  Using cached httpcore-1.0.9-py3-none-any.whl.metadata (21 kB)
Collecting joblib>=1.4.0 (from scikit-learn>=1.4->-r requirements.txt (line 23))
  Using cached joblib-1.5.3-py3-none-any.whl.metadata (5.5 kB)
Collecting threadpoolctl>=3.5.0 (from scikit-learn>=1.4->-r requirements.txt (line 23))
  Using cached threadpoolctl-3.6.0-py3-none-any.whl.metadata (13 kB)
Requirement already satisfied: MarkupSafe>=2.0 in .\.venv\Lib\site-packages (from jinja2->altair!=5.4.0,!=5.4.1,<7,>=5.0.0->streamlit<2,>=1.61->-r requirements.txt (line 30)) (3.0.3)
Collecting attrs>=22.2.0 (from jsonschema>=3.0->altair!=5.4.0,!=5.4.1,<7,>=5.0.0->streamlit<2,>=1.61->-r requirements.txt (line 30))
  Using cached attrs-26.1.0-py3-none-any.whl.metadata (8.8 kB)
Collecting jsonschema-specifications>=2023.03.6 (from jsonschema>=3.0->altair!=5.4.0,!=5.4.1,<7,>=5.0.0->streamlit<2,>=1.61->-r requirements.txt (line 30))
  Using cached jsonschema_specifications-2025.9.1-py3-none-any.whl.metadata (2.9 kB)
Collecting referencing>=0.28.4 (from jsonschema>=3.0->altair!=5.4.0,!=5.4.1,<7,>=5.0.0->streamlit<2,>=1.61->-r requirements.txt (line 30))
  Using cached referencing-0.37.0-py3-none-any.whl.metadata (2.8 kB)
Collecting rpds-py>=0.25.0 (from jsonschema>=3.0->altair!=5.4.0,!=5.4.1,<7,>=5.0.0->streamlit<2,>=1.61->-r requirements.txt (line 30))
  Using cached rpds_py-2026.6.3-cp314-cp314-win_amd64.whl.metadata (4.2 kB)
Collecting six>=1.5 (from python-dateutil>=2.8.2->pandas<4,>=1.4.0->streamlit<2,>=1.61->-r requirements.txt (line 30))
  Using cached six-1.17.0-py2.py3-none-any.whl.metadata (1.7 kB)
Requirement already satisfied: setuptools>=77.0.3 in .\.venv\Lib\site-packages (from torch>=1.11.0->sentence-transformers>=3.0->-r requirements.txt (line 20)) (78.1.0)
Requirement already satisfied: sympy>=1.13.3 in .\.venv\Lib\site-packages (from torch>=1.11.0->sentence-transformers>=3.0->-r requirements.txt (line 20)) (1.14.0)
Requirement already satisfied: networkx>=2.5.1 in .\.venv\Lib\site-packages (from torch>=1.11.0->sentence-transformers>=3.0->-r requirements.txt (line 20)) (3.6.1)
Requirement already satisfied: mpmath<1.4,>=1.1.0 in .\.venv\Lib\site-packages (from sympy>=1.13.3->torch>=1.11.0->sentence-transformers>=3.0->-r requirements.txt (line 20)) (1.3.0)
Collecting shellingham>=1.3.0 (from typer->transformers<6.0.0,>=4.41.0->sentence-transformers>=3.0->-r requirements.txt (line 20))
  Using cached shellingham-1.5.4-py2.py3-none-any.whl.metadata (3.5 kB)
Collecting rich>=13.8.0 (from typer->transformers<6.0.0,>=4.41.0->sentence-transformers>=3.0->-r requirements.txt (line 20))
  Using cached rich-15.0.0-py3-none-any.whl.metadata (18 kB)
Collecting annotated-doc>=0.0.2 (from typer->transformers<6.0.0,>=4.41.0->sentence-transformers>=3.0->-r requirements.txt (line 20))
  Using cached annotated_doc-0.0.5-py3-none-any.whl.metadata (6.5 kB)
Collecting markdown-it-py>=2.2.0 (from rich>=13.8.0->typer->transformers<6.0.0,>=4.41.0->sentence-transformers>=3.0->-r requirements.txt (line 20))
  Using cached markdown_it_py-4.2.0-py3-none-any.whl.metadata (7.4 kB)
Collecting pygments<3.0.0,>=2.13.0 (from rich>=13.8.0->typer->transformers<6.0.0,>=4.41.0->sentence-transformers>=3.0->-r requirements.txt (line 20))
  Using cached pygments-2.20.0-py3-none-any.whl.metadata (2.5 kB)
Collecting mdurl~=0.1 (from markdown-it-py>=2.2.0->rich>=13.8.0->typer->transformers<6.0.0,>=4.41.0->sentence-transformers>=3.0->-r requirements.txt (line 20))
  Using cached mdurl-0.1.2-py3-none-any.whl.metadata (1.6 kB)
Using cached rank_bm25-0.2.2-py3-none-any.whl (8.6 kB)
Using cached neo4j-5.28.4-py3-none-any.whl (313 kB)
Using cached streamlit-1.61.1-py3-none-any.whl (10.5 MB)
Using cached numpy-2.5.2-cp314-cp314-win_amd64.whl (12.6 MB)
Using cached python_dotenv-1.2.2-py3-none-any.whl (22 kB)
Using cached altair-6.2.2-py3-none-any.whl (797 kB)
Using cached anyio-4.14.2-py3-none-any.whl (125 kB)
Using cached blinker-1.9.0-py3-none-any.whl (8.5 kB)
Using cached click-8.4.2-py3-none-any.whl (119 kB)
Using cached httptools-0.8.0-cp314-cp314-win_amd64.whl (92 kB)
Using cached itsdangerous-2.2.0-py3-none-any.whl (16 kB)
Using cached pandas-3.0.5-cp314-cp314-win_amd64.whl (10.0 MB)
Using cached pillow-12.3.0-cp314-cp314-win_amd64.whl (7.2 MB)
Using cached protobuf-7.35.1-cp310-abi3-win_amd64.whl (439 kB)
Using cached pyarrow-24.0.0-cp314-cp314-win_amd64.whl (28.0 MB)
Using cached pydeck-0.9.3-py2.py3-none-any.whl (11.4 MB)
Using cached python_multipart-0.0.32-py3-none-any.whl (30 kB)
Using cached requests-2.34.2-py3-none-any.whl (73 kB)
Using cached charset_normalizer-3.5.1-cp314-cp314-win_amd64.whl (204 kB)
Using cached idna-3.18-py3-none-any.whl (65 kB)
Using cached starlette-1.3.1-py3-none-any.whl (73 kB)
Using cached tenacity-9.1.4-py3-none-any.whl (28 kB)
Using cached toml-0.10.2-py2.py3-none-any.whl (16 kB)
Using cached urllib3-2.7.0-py3-none-any.whl (131 kB)
Using cached uvicorn-0.52.3-py3-none-any.whl (79 kB)
Using cached watchdog-6.0.0-py3-none-win_amd64.whl (79 kB)
Using cached websockets-16.1.1-cp314-cp314-win_amd64.whl (179 kB)
Using cached beautifulsoup4-4.15.0-py3-none-any.whl (109 kB)
Using cached lxml-6.1.1-cp314-cp314-win_amd64.whl (4.1 MB)
Using cached sentence_transformers-5.7.0-py3-none-any.whl (611 kB)
Using cached transformers-5.15.0-py3-none-any.whl (11.7 MB)
Using cached huggingface_hub-1.27.0-py3-none-any.whl (784 kB)
Using cached hf_xet-1.6.0-cp38-abi3-win_amd64.whl (4.0 MB)
Using cached httpx-0.28.1-py3-none-any.whl (73 kB)
Using cached httpcore-1.0.9-py3-none-any.whl (78 kB)
Using cached tokenizers-0.22.2-cp39-abi3-win_amd64.whl (2.7 MB)
Using cached scikit_learn-1.9.0-cp314-cp314-win_amd64.whl (8.3 MB)
Using cached certifi-2026.7.22-py3-none-any.whl (136 kB)
Using cached h11-0.16.0-py3-none-any.whl (37 kB)
Using cached joblib-1.5.3-py3-none-any.whl (309 kB)
Using cached jsonschema-4.26.0-py3-none-any.whl (90 kB)
Using cached attrs-26.1.0-py3-none-any.whl (67 kB)
Using cached jsonschema_specifications-2025.9.1-py3-none-any.whl (18 kB)
Using cached narwhals-2.24.0-py3-none-any.whl (461 kB)
Using cached packaging-26.3-py3-none-any.whl (129 kB)
Using cached python_dateutil-2.9.0.post0-py2.py3-none-any.whl (229 kB)
Using cached pyyaml-6.0.3-cp314-cp314-win_amd64.whl (156 kB)
Using cached referencing-0.37.0-py3-none-any.whl (26 kB)
Using cached regex-2026.7.19-cp314-cp314-win_amd64.whl (280 kB)
Using cached rpds_py-2026.6.3-cp314-cp314-win_amd64.whl (220 kB)
Using cached safetensors-0.8.0-cp310-abi3-win_amd64.whl (355 kB)
Using cached scipy-1.18.0-cp314-cp314-win_amd64.whl (37.3 MB)
Using cached six-1.17.0-py2.py3-none-any.whl (11 kB)
Using cached soupsieve-2.9.2-py3-none-any.whl (37 kB)
Using cached threadpoolctl-3.6.0-py3-none-any.whl (18 kB)
Using cached tqdm-4.70.0-py3-none-any.whl (80 kB)
Using cached colorama-0.4.6-py2.py3-none-any.whl (25 kB)
Using cached pytz-2026.3.post1-py2.py3-none-any.whl (508 kB)
Using cached typer-0.27.1-py3-none-any.whl (122 kB)
Using cached annotated_doc-0.0.5-py3-none-any.whl (5.3 kB)
Using cached rich-15.0.0-py3-none-any.whl (310 kB)
Using cached pygments-2.20.0-py3-none-any.whl (1.2 MB)
Using cached markdown_it_py-4.2.0-py3-none-any.whl (91 kB)
Using cached mdurl-0.1.2-py3-none-any.whl (10.0 kB)
Using cached shellingham-1.5.4-py2.py3-none-any.whl (9.8 kB)
Using cached tzdata-2026.3-py2.py3-none-any.whl (348 kB)
Installing collected packages: pytz, websockets, watchdog, urllib3, tzdata, toml, threadpoolctl, tenacity, soupsieve, six, shellingham, safetensors, rpds-py, regex, pyyaml, python-multipart, python-dotenv, pygments, pyarrow, protobuf, pillow, packaging, numpy, neo4j, narwhals, mdurl, lxml, joblib, itsdangerous, idna, httptools, hf-xet, h11, colorama, charset_normalizer, certifi, blinker, attrs, annotated-doc, tqdm, scipy, requests, referencing, rank-bm25, python-dateutil, pydeck, markdown-it-py, httpcore, click, beautifulsoup4, anyio, uvicorn, starlette, scikit-learn, rich, pandas, jsonschema-specifications, httpx, typer, jsonschema, huggingface-hub, tokenizers, altair, transformers, streamlit, sentence-transformers

Successfully installed altair-6.2.2 annotated-doc-0.0.5 anyio-4.14.2 attrs-26.1.0 beautifulsoup4-4.15.0 blinker-1.9.0 certifi-2026.7.22 charset_normalizer-3.5.1 click-8.4.2 colorama-0.4.6 h11-0.16.0 hf-xet-1.6.0 httpcore-1.0.9 httptools-0.8.0 httpx-0.28.1 huggingface-hub-1.27.0 idna-3.18 itsdangerous-2.2.0 joblib-1.5.3 jsonschema-4.26.0 jsonschema-specifications-2025.9.1 lxml-6.1.1 markdown-it-py-4.2.0 mdurl-0.1.2 narwhals-2.24.0 neo4j-5.28.4 numpy-2.5.2 packaging-26.3 pandas-3.0.5 pillow-12.3.0 protobuf-7.35.1 pyarrow-24.0.0 pydeck-0.9.3 pygments-2.20.0 python-dateutil-2.9.0.post0 python-dotenv-1.2.2 python-multipart-0.0.32 pytz-2026.3.post1 pyyaml-6.0.3 rank-bm25-0.2.2 referencing-0.37.0 regex-2026.7.19 requests-2.34.2 rich-15.0.0 rpds-py-2026.6.3 safetensors-0.8.0 scikit-learn-1.9.0 scipy-1.18.0 sentence-transformers-5.7.0 shellingham-1.5.4 six-1.17.0 soupsieve-2.9.2 starlette-1.3.1 streamlit-1.61.1 tenacity-9.1.4 threadpoolctl-3.6.0 tokenizers-0.22.2 toml-0.10.2 tqdm-4.70.0 transformers-5.15.0 typer-0.27.1 tzdata-2026.3 urllib3-2.7.0 uvicorn-0.52.3 watchdog-6.0.0 websockets-16.1.1
